exports[`Stream snapshot 1`] = `
<div>
  <div>
    <button
      onClick={undefined}
      type="button">
      Login
    </button>
  </div>
  <br />
  <div>
    <div
      className="track">
      Track 1
      <button
        onClick={[Function]}
        type="button">
        Play
      </button>
    </div>
    <div
      className="track">
      Track 2
      <button
        onClick={[Function]}
        type="button">
        Play
      </button>
    </div>
  </div>
</div>
`;
